
# >>>>>>>>>>>>>>>>>>>>>> ERROR REPORT <<<<<<<<<<<<<<<<<<<<<<

    Traceback (most recent call last):
      File "C:\Users\stefa\miniconda3\Lib\site-packages\conda\exception_handler.py", line 17, in __call__
        return func(*args, **kwargs)
               ^^^^^^^^^^^^^^^^^^^^^
      File "C:\Users\stefa\miniconda3\Lib\site-packages\conda\cli\main.py", line 64, in main_subshell
        exit_code = do_call(args, parser)
                    ^^^^^^^^^^^^^^^^^^^^^
      File "C:\Users\stefa\miniconda3\Lib\site-packages\conda\cli\conda_argparse.py", line 167, in do_call
        result = getattr(module, func_name)(args, parser)
                 ^^^^^^^^^^^^^^^^^^^^^^^^^^^^^^^^^^^^^^^^
      File "C:\Users\stefa\miniconda3\Lib\site-packages\conda\cli\main_run.py", line 42, in execute
        print(response.stdout, file=sys.stdout)
      File "C:\Users\stefa\miniconda3\Lib\encodings\cp1252.py", line 19, in encode
        return codecs.charmap_encode(input,self.errors,encoding_table)[0]
               ^^^^^^^^^^^^^^^^^^^^^^^^^^^^^^^^^^^^^^^^^^^^^^^^^^^^^^^
    UnicodeEncodeError: 'charmap' codec can't encode characters in position 3308-3310: character maps to <undefined>

`$ C:\Users\stefa\miniconda3\Scripts\conda-script.py run -n pyb2024 python tests/test_fundingrate_download.py`

  environment variables:
             ACLOCAL_PATH=C:\Program Files\Git\mingw64\share\aclocal;C:\Program
                          Files\Git\usr\share\aclocal
                 CIO_TEST=<not set>
               CONDA_ROOT=C:\Users\stefa\miniconda3
           CURL_CA_BUNDLE=<not set>
                  EXEPATH=C:\Program Files\Git\bin
                 HOMEPATH=\Users\stefa
                 INFOPATH=C:\Program Files\Git\mingw64\local\info;C:\Program
                          Files\Git\mingw64\share\info;C:\Program
                          Files\Git\usr\local\info;C:\Program
                          Files\Git\usr\share\info;C:\Program Files\Git\usr\info;C:\Program
                          Files\Git\share\info
               LD_PRELOAD=<not set>
                  MANPATH=C:\Program Files\Git\mingw64\local\man;C:\Program
                          Files\Git\mingw64\share\man;C:\Program
                          Files\Git\usr\local\man;C:\Program Files\Git\usr\share\man;C:\Program
                          Files\Git\usr\man;C:\Program Files\Git\share\man
NODEFAULTCURRENTDIRECTORYINEXEPATH=1
            ORIGINAL_PATH=C:\Program Files\Git\mingw64\bin;C:\Program Files\Git\usr\bin;C:\Users
                          \stefa\bin;C:\Windows\system32;C:\Windows;C:\Windows\System32\Wbem;C:\
                          Windows\System32\WindowsPowerShell\v1.0;C:\Windows\System32\OpenSSH;C:
                          \Program Files\MATLAB\R2021b\bin;C:\Users\stefa\.dnx\bin;C:\Program
                          Files\Microsoft DNX\Dnvm;C:\Program Files\Microsoft\Azure Functions
                          Core Tools;C:\Program Files\GTK3-Runtime Win64\bin;C:\Program
                          Files\Graphviz\bin;C:\Program Files\Calibre2;C:\Program Files
                          (x86)\ZeroTier\One;C:\Program Files\dotnet;C:\Program Files\Git\cmd;C:
                          \nssm-2.24-101-
                          g897c7ad\win64;C:\Users\stefa\miniconda3\condabin;C:\Users\stefa\minic
                          onda3\Scripts;C:\Program Files\Docker\Docker\resources\bin;C:\Program
                          Files\PuTTY;C:\Program Files\Tailscale;C:\Program Files\nodejs;C:\User
                          s\stefa\AppData\Local\Microsoft\WindowsApps;C:\Users\stefa\AppData\Loc
                          al\Programs\Microsoft VS Code\bin;C:\Users\stefa\AppData\Local\Program
                          s\mongosh;C:\Users\stefa\AppData\Local\gitkraken\bin;C:\Program
                          Files\MongoDB\Tools\100\bin;C:\Program Files\Graphviz\bin;C:\Users\ste
                          fa\miniconda3\condabin;C:\Users\stefa\miniconda3\Scripts;C:\Users\stef
                          a\AppData\Local\Microsoft\WinGet\Links;C:\Users\stefa\AppData\Local\Pr
                          ograms\Windsurf\bin;C:\Program
                          Files\Pandoc;C:\Users\stefa\AppData\Roaming\npm
                     PATH=C:\Users\stefa\bin;C:\Program Files\Git\mingw64\bin;C:\Program
                          Files\Git\usr\local\bin;C:\Program Files\Git\usr\bin;C:\Program
                          Files\Git\usr\bin;C:\Program Files\Git\mingw64\bin;C:\Program Files\Gi
                          t\usr\bin;C:\Users\stefa\bin;C:\Windows\system32;C:\Windows;C:\Windows
                          \System32\Wbem;C:\Windows\System32\WindowsPowerShell\v1.0;C:\Windows\S
                          ystem32\OpenSSH;C:\Program
                          Files\MATLAB\R2021b\bin;C:\Users\stefa\.dnx\bin;C:\Program
                          Files\Microsoft DNX\Dnvm;C:\Program Files\Microsoft\Azure Functions
                          Core Tools;C:\Program Files\GTK3-Runtime Win64\bin;C:\Program
                          Files\Graphviz\bin;C:\Program Files\Calibre2;C:\Program Files
                          (x86)\ZeroTier\One;C:\Program Files\dotnet;C:\Program Files\Git\cmd;C:
                          \nssm-2.24-101-
                          g897c7ad\win64;C:\Users\stefa\miniconda3\condabin;C:\Users\stefa\minic
                          onda3\Scripts;C:\Program Files\Docker\Docker\resources\bin;C:\Program
                          Files\PuTTY;C:\Program Files\Tailscale;C:\Program Files\nodejs;C:\User
                          s\stefa\AppData\Local\Microsoft\WindowsApps;C:\Users\stefa\AppData\Loc
                          al\Programs\Microsoft VS Code\bin;C:\Users\stefa\AppData\Local\Program
                          s\mongosh;C:\Users\stefa\AppData\Local\gitkraken\bin;C:\Program
                          Files\MongoDB\Tools\100\bin;C:\Program Files\Graphviz\bin;C:\Users\ste
                          fa\miniconda3\condabin;C:\Users\stefa\miniconda3\Scripts;C:\Users\stef
                          a\AppData\Local\Microsoft\WinGet\Links;C:\Users\stefa\AppData\Local\Pr
                          ograms\Windsurf\bin;C:\Program
                          Files\Pandoc;C:\Users\stefa\AppData\Roaming\npm;C:\Program
                          Files\Git\usr\bin\vendor_perl;C:\Program Files\Git\usr\bin\core_perl
          PKG_CONFIG_PATH=C:\Program Files\Git\mingw64\lib\pkgconfig;C:\Program
                          Files\Git\mingw64\share\pkgconfig
PKG_CONFIG_SYSTEM_INCLUDE_PATH=C:/Program Files/Git/mingw64/include
PKG_CONFIG_SYSTEM_LIBRARY_PATH=C:/Program Files/Git/mingw64/lib
             PSMODULEPATH=C:\Program Files\WindowsPowerShell\Modules;C:\Windows\system32\Windows
                          PowerShell\v1.0\Modules
       REQUESTS_CA_BUNDLE=<not set>
            SSL_CERT_FILE=<not set>
   VSCODE_CODE_CACHE_PATH=C:\Users\stefa\AppData\Roaming\Code\CachedData\c9d77990917f3102ada88be
                          140d28b038d1dd7c7

     active environment : None
       user config file : C:\Users\stefa\.condarc
 populated config files : C:\Users\stefa\.condarc
          conda version : 23.7.3
    conda-build version : not installed
         python version : 3.11.5.final.0
       virtual packages : __archspec=1=x86_64
                          __win=0=0
       base environment : C:\Users\stefa\miniconda3  (writable)
      conda av data dir : C:\Users\stefa\miniconda3\etc\conda
  conda av metadata url : None
           channel URLs : https://conda.anaconda.org/conda-forge/win-64
                          https://conda.anaconda.org/conda-forge/noarch
                          https://repo.anaconda.com/pkgs/main/win-64
                          https://repo.anaconda.com/pkgs/main/noarch
                          https://repo.anaconda.com/pkgs/r/win-64
                          https://repo.anaconda.com/pkgs/r/noarch
                          https://repo.anaconda.com/pkgs/msys2/win-64
                          https://repo.anaconda.com/pkgs/msys2/noarch
          package cache : C:\Users\stefa\miniconda3\pkgs
                          C:\Users\stefa\.conda\pkgs
                          C:\Users\stefa\AppData\Local\conda\conda\pkgs
       envs directories : C:\Users\stefa\miniconda3\envs
                          C:\Users\stefa\.conda\envs
                          C:\Users\stefa\AppData\Local\conda\conda\envs
               platform : win-64
             user-agent : conda/23.7.3 requests/2.32.5 CPython/3.11.5 Windows/10 Windows/10.0.19045
          administrator : False
             netrc file : None
           offline mode : False


An unexpected error has occurred. Conda has prepared the above report.
If you suspect this error is being caused by a malfunctioning plugin,
consider using the --no-plugins option to turn off plugins.

Example: conda --no-plugins install <package>

Alternatively, you can set the CONDA_NO_PLUGINS environment variable on
the command line to run the command without plugins enabled.

Example: CONDA_NO_PLUGINS=true conda install <package>

If submitted, this report will be used by core maintainers to improve
future releases of conda.
Would you like conda to send this report to the core maintainers? [y/N]: 